Archive member included because of file (symbol)

c:/program files (x86)/atmel/atmel toolchain/avr8 gcc/native/3.4.2.1002/avr8-gnu-toolchain/bin/../lib/gcc/avr/4.7.2/../../../../avr/lib/avr51\libm.a(fixsfsi.o)
                              lcd.o (__fixsfsi)
c:/program files (x86)/atmel/atmel toolchain/avr8 gcc/native/3.4.2.1002/avr8-gnu-toolchain/bin/../lib/gcc/avr/4.7.2/../../../../avr/lib/avr51\libm.a(fixunssfsi.o)
                              c:/program files (x86)/atmel/atmel toolchain/avr8 gcc/native/3.4.2.1002/avr8-gnu-toolchain/bin/../lib/gcc/avr/4.7.2/../../../../avr/lib/avr51\libm.a(fixsfsi.o) (__fixunssfsi)
c:/program files (x86)/atmel/atmel toolchain/avr8 gcc/native/3.4.2.1002/avr8-gnu-toolchain/bin/../lib/gcc/avr/4.7.2/../../../../avr/lib/avr51\libm.a(floatsisf.o)
                              lcd.o (__floatsisf)
c:/program files (x86)/atmel/atmel toolchain/avr8 gcc/native/3.4.2.1002/avr8-gnu-toolchain/bin/../lib/gcc/avr/4.7.2/../../../../avr/lib/avr51\libm.a(fp_split3.o)
                              c:/program files (x86)/atmel/atmel toolchain/avr8 gcc/native/3.4.2.1002/avr8-gnu-toolchain/bin/../lib/gcc/avr/4.7.2/../../../../avr/lib/avr51\libm.a(fixunssfsi.o) (__fp_splitA)
c:/program files (x86)/atmel/atmel toolchain/avr8 gcc/native/3.4.2.1002/avr8-gnu-toolchain/bin/../lib/gcc/avr/4.7.2/../../../../avr/lib/avr51\libm.a(fp_zero.o)
                              c:/program files (x86)/atmel/atmel toolchain/avr8 gcc/native/3.4.2.1002/avr8-gnu-toolchain/bin/../lib/gcc/avr/4.7.2/../../../../avr/lib/avr51\libm.a(fixunssfsi.o) (__fp_zero)
c:/program files (x86)/atmel/atmel toolchain/avr8 gcc/native/3.4.2.1002/avr8-gnu-toolchain/bin/../lib/gcc/avr/4.7.2/../../../../avr/lib/avr51\libm.a(pow.o)
                              lcd.o (pow)
c:/program files (x86)/atmel/atmel toolchain/avr8 gcc/native/3.4.2.1002/avr8-gnu-toolchain/bin/../lib/gcc/avr/4.7.2/../../../../avr/lib/avr51\libm.a(exp.o)
                              c:/program files (x86)/atmel/atmel toolchain/avr8 gcc/native/3.4.2.1002/avr8-gnu-toolchain/bin/../lib/gcc/avr/4.7.2/../../../../avr/lib/avr51\libm.a(pow.o) (exp)
c:/program files (x86)/atmel/atmel toolchain/avr8 gcc/native/3.4.2.1002/avr8-gnu-toolchain/bin/../lib/gcc/avr/4.7.2/../../../../avr/lib/avr51\libm.a(fp_inf.o)
                              c:/program files (x86)/atmel/atmel toolchain/avr8 gcc/native/3.4.2.1002/avr8-gnu-toolchain/bin/../lib/gcc/avr/4.7.2/../../../../avr/lib/avr51\libm.a(exp.o) (__fp_inf)
c:/program files (x86)/atmel/atmel toolchain/avr8 gcc/native/3.4.2.1002/avr8-gnu-toolchain/bin/../lib/gcc/avr/4.7.2/../../../../avr/lib/avr51\libm.a(fp_nan.o)
                              c:/program files (x86)/atmel/atmel toolchain/avr8 gcc/native/3.4.2.1002/avr8-gnu-toolchain/bin/../lib/gcc/avr/4.7.2/../../../../avr/lib/avr51\libm.a(pow.o) (__fp_nan)
c:/program files (x86)/atmel/atmel toolchain/avr8 gcc/native/3.4.2.1002/avr8-gnu-toolchain/bin/../lib/gcc/avr/4.7.2/../../../../avr/lib/avr51\libm.a(fp_powser.o)
                              c:/program files (x86)/atmel/atmel toolchain/avr8 gcc/native/3.4.2.1002/avr8-gnu-toolchain/bin/../lib/gcc/avr/4.7.2/../../../../avr/lib/avr51\libm.a(exp.o) (__fp_powser)
c:/program files (x86)/atmel/atmel toolchain/avr8 gcc/native/3.4.2.1002/avr8-gnu-toolchain/bin/../lib/gcc/avr/4.7.2/../../../../avr/lib/avr51\libm.a(inverse.o)
                              c:/program files (x86)/atmel/atmel toolchain/avr8 gcc/native/3.4.2.1002/avr8-gnu-toolchain/bin/../lib/gcc/avr/4.7.2/../../../../avr/lib/avr51\libm.a(exp.o) (inverse)
c:/program files (x86)/atmel/atmel toolchain/avr8 gcc/native/3.4.2.1002/avr8-gnu-toolchain/bin/../lib/gcc/avr/4.7.2/../../../../avr/lib/avr51\libm.a(ldexp.o)
                              c:/program files (x86)/atmel/atmel toolchain/avr8 gcc/native/3.4.2.1002/avr8-gnu-toolchain/bin/../lib/gcc/avr/4.7.2/../../../../avr/lib/avr51\libm.a(exp.o) (ldexp)
c:/program files (x86)/atmel/atmel toolchain/avr8 gcc/native/3.4.2.1002/avr8-gnu-toolchain/bin/../lib/gcc/avr/4.7.2/../../../../avr/lib/avr51\libm.a(log.o)
                              c:/program files (x86)/atmel/atmel toolchain/avr8 gcc/native/3.4.2.1002/avr8-gnu-toolchain/bin/../lib/gcc/avr/4.7.2/../../../../avr/lib/avr51\libm.a(pow.o) (log)
c:/program files (x86)/atmel/atmel toolchain/avr8 gcc/native/3.4.2.1002/avr8-gnu-toolchain/bin/../lib/gcc/avr/4.7.2/../../../../avr/lib/avr51\libm.a(modf.o)
                              c:/program files (x86)/atmel/atmel toolchain/avr8 gcc/native/3.4.2.1002/avr8-gnu-toolchain/bin/../lib/gcc/avr/4.7.2/../../../../avr/lib/avr51\libm.a(exp.o) (modf)
c:/program files (x86)/atmel/atmel toolchain/avr8 gcc/native/3.4.2.1002/avr8-gnu-toolchain/bin/../lib/gcc/avr/4.7.2/../../../../avr/lib/avr51\libm.a(mulsf3.o)
                              c:/program files (x86)/atmel/atmel toolchain/avr8 gcc/native/3.4.2.1002/avr8-gnu-toolchain/bin/../lib/gcc/avr/4.7.2/../../../../avr/lib/avr51\libm.a(pow.o) (__mulsf3)
c:/program files (x86)/atmel/atmel toolchain/avr8 gcc/native/3.4.2.1002/avr8-gnu-toolchain/bin/../lib/gcc/avr/4.7.2/../../../../avr/lib/avr51\libm.a(mulsf3x.o)
                              c:/program files (x86)/atmel/atmel toolchain/avr8 gcc/native/3.4.2.1002/avr8-gnu-toolchain/bin/../lib/gcc/avr/4.7.2/../../../../avr/lib/avr51\libm.a(fp_powser.o) (__mulsf3x)
c:/program files (x86)/atmel/atmel toolchain/avr8 gcc/native/3.4.2.1002/avr8-gnu-toolchain/bin/../lib/gcc/avr/4.7.2/../../../../avr/lib/avr51\libm.a(addsf3.o)
                              c:/program files (x86)/atmel/atmel toolchain/avr8 gcc/native/3.4.2.1002/avr8-gnu-toolchain/bin/../lib/gcc/avr/4.7.2/../../../../avr/lib/avr51\libm.a(modf.o) (__subsf3)
c:/program files (x86)/atmel/atmel toolchain/avr8 gcc/native/3.4.2.1002/avr8-gnu-toolchain/bin/../lib/gcc/avr/4.7.2/../../../../avr/lib/avr51\libm.a(addsf3x.o)
                              c:/program files (x86)/atmel/atmel toolchain/avr8 gcc/native/3.4.2.1002/avr8-gnu-toolchain/bin/../lib/gcc/avr/4.7.2/../../../../avr/lib/avr51\libm.a(fp_powser.o) (__addsf3x)
c:/program files (x86)/atmel/atmel toolchain/avr8 gcc/native/3.4.2.1002/avr8-gnu-toolchain/bin/../lib/gcc/avr/4.7.2/../../../../avr/lib/avr51\libm.a(divsf3.o)
                              c:/program files (x86)/atmel/atmel toolchain/avr8 gcc/native/3.4.2.1002/avr8-gnu-toolchain/bin/../lib/gcc/avr/4.7.2/../../../../avr/lib/avr51\libm.a(inverse.o) (__divsf3)
c:/program files (x86)/atmel/atmel toolchain/avr8 gcc/native/3.4.2.1002/avr8-gnu-toolchain/bin/../lib/gcc/avr/4.7.2/../../../../avr/lib/avr51\libm.a(divsf3x.o)
                              c:/program files (x86)/atmel/atmel toolchain/avr8 gcc/native/3.4.2.1002/avr8-gnu-toolchain/bin/../lib/gcc/avr/4.7.2/../../../../avr/lib/avr51\libm.a(divsf3.o) (__divsf3x)
c:/program files (x86)/atmel/atmel toolchain/avr8 gcc/native/3.4.2.1002/avr8-gnu-toolchain/bin/../lib/gcc/avr/4.7.2/../../../../avr/lib/avr51\libm.a(fp_mpack.o)
                              c:/program files (x86)/atmel/atmel toolchain/avr8 gcc/native/3.4.2.1002/avr8-gnu-toolchain/bin/../lib/gcc/avr/4.7.2/../../../../avr/lib/avr51\libm.a(ldexp.o) (__fp_mpack)
c:/program files (x86)/atmel/atmel toolchain/avr8 gcc/native/3.4.2.1002/avr8-gnu-toolchain/bin/../lib/gcc/avr/4.7.2/../../../../avr/lib/avr51\libm.a(fp_pscA.o)
                              c:/program files (x86)/atmel/atmel toolchain/avr8 gcc/native/3.4.2.1002/avr8-gnu-toolchain/bin/../lib/gcc/avr/4.7.2/../../../../avr/lib/avr51\libm.a(mulsf3x.o) (__fp_pscA)
c:/program files (x86)/atmel/atmel toolchain/avr8 gcc/native/3.4.2.1002/avr8-gnu-toolchain/bin/../lib/gcc/avr/4.7.2/../../../../avr/lib/avr51\libm.a(fp_pscB.o)
                              c:/program files (x86)/atmel/atmel toolchain/avr8 gcc/native/3.4.2.1002/avr8-gnu-toolchain/bin/../lib/gcc/avr/4.7.2/../../../../avr/lib/avr51\libm.a(mulsf3x.o) (__fp_pscB)
c:/program files (x86)/atmel/atmel toolchain/avr8 gcc/native/3.4.2.1002/avr8-gnu-toolchain/bin/../lib/gcc/avr/4.7.2/../../../../avr/lib/avr51\libm.a(fp_round.o)
                              c:/program files (x86)/atmel/atmel toolchain/avr8 gcc/native/3.4.2.1002/avr8-gnu-toolchain/bin/../lib/gcc/avr/4.7.2/../../../../avr/lib/avr51\libm.a(log.o) (__fp_round)
c:/program files (x86)/atmel/atmel toolchain/avr8 gcc/native/3.4.2.1002/avr8-gnu-toolchain/bin/../lib/gcc/avr/4.7.2/avr51\libgcc.a(_divmodsi4.o)
                              lcd.o (__divmodsi4)
c:/program files (x86)/atmel/atmel toolchain/avr8 gcc/native/3.4.2.1002/avr8-gnu-toolchain/bin/../lib/gcc/avr/4.7.2/avr51\libgcc.a(_exit.o)
                              c:/program files (x86)/atmel/atmel toolchain/avr8 gcc/native/3.4.2.1002/avr8-gnu-toolchain/bin/../lib/gcc/avr/4.7.2/../../../../avr/lib/avr51/crtm128.o (exit)
c:/program files (x86)/atmel/atmel toolchain/avr8 gcc/native/3.4.2.1002/avr8-gnu-toolchain/bin/../lib/gcc/avr/4.7.2/avr51\libgcc.a(_copy_data.o)
                              LCD and Seven Segment PWM.o (__do_copy_data)
c:/program files (x86)/atmel/atmel toolchain/avr8 gcc/native/3.4.2.1002/avr8-gnu-toolchain/bin/../lib/gcc/avr/4.7.2/avr51\libgcc.a(_clear_bss.o)
                              LCD and Seven Segment PWM.o (__do_clear_bss)
c:/program files (x86)/atmel/atmel toolchain/avr8 gcc/native/3.4.2.1002/avr8-gnu-toolchain/bin/../lib/gcc/avr/4.7.2/avr51\libgcc.a(_umulhisi3.o)
                              lcd.o (__umulhisi3)
c:/program files (x86)/atmel/atmel toolchain/avr8 gcc/native/3.4.2.1002/avr8-gnu-toolchain/bin/../lib/gcc/avr/4.7.2/avr51\libgcc.a(_udivmodsi4.o)
                              c:/program files (x86)/atmel/atmel toolchain/avr8 gcc/native/3.4.2.1002/avr8-gnu-toolchain/bin/../lib/gcc/avr/4.7.2/avr51\libgcc.a(_divmodsi4.o) (__udivmodsi4)

Discarded input sections

 .bss           0x00000000        0x0 c:/program files (x86)/atmel/atmel toolchain/avr8 gcc/native/3.4.2.1002/avr8-gnu-toolchain/bin/../lib/gcc/avr/4.7.2/../../../../avr/lib/avr51/crtm128.o
 .text          0x00000000        0x0 LCD and Seven Segment PWM.o
 .bss           0x00000000        0x0 LCD and Seven Segment PWM.o
 .bss.count     0x00000000        0x2 LCD and Seven Segment PWM.o
 .text          0x00000000        0x0 lcd.o
 .bss           0x00000000        0x0 lcd.o
 .text.LCD_ClearAll
                0x00000000        0x8 lcd.o
 .text.LCD_DispChars
                0x00000000       0x32 lcd.o
 .text.LCD_DispCharsXY
                0x00000000       0x1e lcd.o
 .text.toString
                0x00000000      0x108 lcd.o
 .text.getString
                0x00000000       0x74 lcd.o
 .text          0x00000000        0x0 Segment.o
 .bss           0x00000000        0x0 Segment.o
 .text          0x00000000        0x0 c:/program files (x86)/atmel/atmel toolchain/avr8 gcc/native/3.4.2.1002/avr8-gnu-toolchain/bin/../lib/gcc/avr/4.7.2/../../../../avr/lib/avr51\libm.a(fixsfsi.o)
 .bss           0x00000000        0x0 c:/program files (x86)/atmel/atmel toolchain/avr8 gcc/native/3.4.2.1002/avr8-gnu-toolchain/bin/../lib/gcc/avr/4.7.2/../../../../avr/lib/avr51\libm.a(fixsfsi.o)
 .text.avr-libc.fplib
                0x00000000        0xa c:/program files (x86)/atmel/atmel toolchain/avr8 gcc/native/3.4.2.1002/avr8-gnu-toolchain/bin/../lib/gcc/avr/4.7.2/../../../../avr/lib/avr51\libm.a(fixsfsi.o)
 .text          0x00000000        0x0 c:/program files (x86)/atmel/atmel toolchain/avr8 gcc/native/3.4.2.1002/avr8-gnu-toolchain/bin/../lib/gcc/avr/4.7.2/../../../../avr/lib/avr51\libm.a(fixunssfsi.o)
 .bss           0x00000000        0x0 c:/program files (x86)/atmel/atmel toolchain/avr8 gcc/native/3.4.2.1002/avr8-gnu-toolchain/bin/../lib/gcc/avr/4.7.2/../../../../avr/lib/avr51\libm.a(fixunssfsi.o)
 .text.avr-libc.fplib
                0x00000000       0x58 c:/program files (x86)/atmel/atmel toolchain/avr8 gcc/native/3.4.2.1002/avr8-gnu-toolchain/bin/../lib/gcc/avr/4.7.2/../../../../avr/lib/avr51\libm.a(fixunssfsi.o)
 .text          0x00000000        0x0 c:/program files (x86)/atmel/atmel toolchain/avr8 gcc/native/3.4.2.1002/avr8-gnu-toolchain/bin/../lib/gcc/avr/4.7.2/../../../../avr/lib/avr51\libm.a(floatsisf.o)
 .bss           0x00000000        0x0 c:/program files (x86)/atmel/atmel toolchain/avr8 gcc/native/3.4.2.1002/avr8-gnu-toolchain/bin/../lib/gcc/avr/4.7.2/../../../../avr/lib/avr51\libm.a(floatsisf.o)
 .text.avr-libc.fplib
                0x00000000       0x7a c:/program files (x86)/atmel/atmel toolchain/avr8 gcc/native/3.4.2.1002/avr8-gnu-toolchain/bin/../lib/gcc/avr/4.7.2/../../../../avr/lib/avr51\libm.a(floatsisf.o)
 .text          0x00000000        0x0 c:/program files (x86)/atmel/atmel toolchain/avr8 gcc/native/3.4.2.1002/avr8-gnu-toolchain/bin/../lib/gcc/avr/4.7.2/../../../../avr/lib/avr51\libm.a(fp_split3.o)
 .bss           0x00000000        0x0 c:/program files (x86)/atmel/atmel toolchain/avr8 gcc/native/3.4.2.1002/avr8-gnu-toolchain/bin/../lib/gcc/avr/4.7.2/../../../../avr/lib/avr51\libm.a(fp_split3.o)
 .text.avr-libc.fplib
                0x00000000       0x44 c:/program files (x86)/atmel/atmel toolchain/avr8 gcc/native/3.4.2.1002/avr8-gnu-toolchain/bin/../lib/gcc/avr/4.7.2/../../../../avr/lib/avr51\libm.a(fp_split3.o)
 .text          0x00000000        0x0 c:/program files (x86)/atmel/atmel toolchain/avr8 gcc/native/3.4.2.1002/avr8-gnu-toolchain/bin/../lib/gcc/avr/4.7.2/../../../../avr/lib/avr51\libm.a(fp_zero.o)
 .bss           0x00000000        0x0 c:/program files (x86)/atmel/atmel toolchain/avr8 gcc/native/3.4.2.1002/avr8-gnu-toolchain/bin/../lib/gcc/avr/4.7.2/../../../../avr/lib/avr51\libm.a(fp_zero.o)
 .text.avr-libc.fplib
                0x00000000        0xe c:/program files (x86)/atmel/atmel toolchain/avr8 gcc/native/3.4.2.1002/avr8-gnu-toolchain/bin/../lib/gcc/avr/4.7.2/../../../../avr/lib/avr51\libm.a(fp_zero.o)
 .text          0x00000000        0x0 c:/program files (x86)/atmel/atmel toolchain/avr8 gcc/native/3.4.2.1002/avr8-gnu-toolchain/bin/../lib/gcc/avr/4.7.2/../../../../avr/lib/avr51\libm.a(pow.o)
 .bss           0x00000000        0x0 c:/program files (x86)/atmel/atmel toolchain/avr8 gcc/native/3.4.2.1002/avr8-gnu-toolchain/bin/../lib/gcc/avr/4.7.2/../../../../avr/lib/avr51\libm.a(pow.o)
 .text.avr-libc.fplib
                0x00000000       0x98 c:/program files (x86)/atmel/atmel toolchain/avr8 gcc/native/3.4.2.1002/avr8-gnu-toolchain/bin/../lib/gcc/avr/4.7.2/../../../../avr/lib/avr51\libm.a(pow.o)
 .text          0x00000000        0x0 c:/program files (x86)/atmel/atmel toolchain/avr8 gcc/native/3.4.2.1002/avr8-gnu-toolchain/bin/../lib/gcc/avr/4.7.2/../../../../avr/lib/avr51\libm.a(exp.o)
 .bss           0x00000000        0x0 c:/program files (x86)/atmel/atmel toolchain/avr8 gcc/native/3.4.2.1002/avr8-gnu-toolchain/bin/../lib/gcc/avr/4.7.2/../../../../avr/lib/avr51\libm.a(exp.o)
 .text.avr-libc.fplib
                0x00000000       0x62 c:/program files (x86)/atmel/atmel toolchain/avr8 gcc/native/3.4.2.1002/avr8-gnu-toolchain/bin/../lib/gcc/avr/4.7.2/../../../../avr/lib/avr51\libm.a(exp.o)
 .progmem.gcc_fplib
                0x00000000       0x28 c:/program files (x86)/atmel/atmel toolchain/avr8 gcc/native/3.4.2.1002/avr8-gnu-toolchain/bin/../lib/gcc/avr/4.7.2/../../../../avr/lib/avr51\libm.a(exp.o)
 .text          0x00000000        0x0 c:/program files (x86)/atmel/atmel toolchain/avr8 gcc/native/3.4.2.1002/avr8-gnu-toolchain/bin/../lib/gcc/avr/4.7.2/../../../../avr/lib/avr51\libm.a(fp_inf.o)
 .bss           0x00000000        0x0 c:/program files (x86)/atmel/atmel toolchain/avr8 gcc/native/3.4.2.1002/avr8-gnu-toolchain/bin/../lib/gcc/avr/4.7.2/../../../../avr/lib/avr51\libm.a(fp_inf.o)
 .text.avr-libc.fplib
                0x00000000        0xc c:/program files (x86)/atmel/atmel toolchain/avr8 gcc/native/3.4.2.1002/avr8-gnu-toolchain/bin/../lib/gcc/avr/4.7.2/../../../../avr/lib/avr51\libm.a(fp_inf.o)
 .text          0x00000000        0x0 c:/program files (x86)/atmel/atmel toolchain/avr8 gcc/native/3.4.2.1002/avr8-gnu-toolchain/bin/../lib/gcc/avr/4.7.2/../../../../avr/lib/avr51\libm.a(fp_nan.o)
 .bss           0x00000000        0x0 c:/program files (x86)/atmel/atmel toolchain/avr8 gcc/native/3.4.2.1002/avr8-gnu-toolchain/bin/../lib/gcc/avr/4.7.2/../../../../avr/lib/avr51\libm.a(fp_nan.o)
 .text.avr-libc.fplib
                0x00000000        0x6 c:/program files (x86)/atmel/atmel toolchain/avr8 gcc/native/3.4.2.1002/avr8-gnu-toolchain/bin/../lib/gcc/avr/4.7.2/../../../../avr/lib/avr51\libm.a(fp_nan.o)
 .text          0x00000000        0x0 c:/program files (x86)/atmel/atmel toolchain/avr8 gcc/native/3.4.2.1002/avr8-gnu-toolchain/bin/../lib/gcc/avr/4.7.2/../../../../avr/lib/avr51\libm.a(fp_powser.o)
 .bss           0x00000000        0x0 c:/program files (x86)/atmel/atmel toolchain/avr8 gcc/native/3.4.2.1002/avr8-gnu-toolchain/bin/../lib/gcc/avr/4.7.2/../../../../avr/lib/avr51\libm.a(fp_powser.o)
 .text.avr-libc.fplib
                0x00000000       0x4a c:/program files (x86)/atmel/atmel toolchain/avr8 gcc/native/3.4.2.1002/avr8-gnu-toolchain/bin/../lib/gcc/avr/4.7.2/../../../../avr/lib/avr51\libm.a(fp_powser.o)
 .text          0x00000000        0x0 c:/program files (x86)/atmel/atmel toolchain/avr8 gcc/native/3.4.2.1002/avr8-gnu-toolchain/bin/../lib/gcc/avr/4.7.2/../../../../avr/lib/avr51\libm.a(inverse.o)
 .bss           0x00000000        0x0 c:/program files (x86)/atmel/atmel toolchain/avr8 gcc/native/3.4.2.1002/avr8-gnu-toolchain/bin/../lib/gcc/avr/4.7.2/../../../../avr/lib/avr51\libm.a(inverse.o)
 .text.avr-libc.fplib
                0x00000000        0xe c:/program files (x86)/atmel/atmel toolchain/avr8 gcc/native/3.4.2.1002/avr8-gnu-toolchain/bin/../lib/gcc/avr/4.7.2/../../../../avr/lib/avr51\libm.a(inverse.o)
 .text          0x00000000        0x0 c:/program files (x86)/atmel/atmel toolchain/avr8 gcc/native/3.4.2.1002/avr8-gnu-toolchain/bin/../lib/gcc/avr/4.7.2/../../../../avr/lib/avr51\libm.a(ldexp.o)
 .bss           0x00000000        0x0 c:/program files (x86)/atmel/atmel toolchain/avr8 gcc/native/3.4.2.1002/avr8-gnu-toolchain/bin/../lib/gcc/avr/4.7.2/../../../../avr/lib/avr51\libm.a(ldexp.o)
 .text.avr-libc.fplib
                0x00000000       0x6c c:/program files (x86)/atmel/atmel toolchain/avr8 gcc/native/3.4.2.1002/avr8-gnu-toolchain/bin/../lib/gcc/avr/4.7.2/../../../../avr/lib/avr51\libm.a(ldexp.o)
 .text          0x00000000        0x0 c:/program files (x86)/atmel/atmel toolchain/avr8 gcc/native/3.4.2.1002/avr8-gnu-toolchain/bin/../lib/gcc/avr/4.7.2/../../../../avr/lib/avr51\libm.a(log.o)
 .bss           0x00000000        0x0 c:/program files (x86)/atmel/atmel toolchain/avr8 gcc/native/3.4.2.1002/avr8-gnu-toolchain/bin/../lib/gcc/avr/4.7.2/../../../../avr/lib/avr51\libm.a(log.o)
 .text.avr-libc.fplib
                0x00000000       0x8a c:/program files (x86)/atmel/atmel toolchain/avr8 gcc/native/3.4.2.1002/avr8-gnu-toolchain/bin/../lib/gcc/avr/4.7.2/../../../../avr/lib/avr51\libm.a(log.o)
 .progmem.gcc_fplib
                0x00000000       0x5a c:/program files (x86)/atmel/atmel toolchain/avr8 gcc/native/3.4.2.1002/avr8-gnu-toolchain/bin/../lib/gcc/avr/4.7.2/../../../../avr/lib/avr51\libm.a(log.o)
 .text          0x00000000        0x0 c:/program files (x86)/atmel/atmel toolchain/avr8 gcc/native/3.4.2.1002/avr8-gnu-toolchain/bin/../lib/gcc/avr/4.7.2/../../../../avr/lib/avr51\libm.a(modf.o)
 .bss           0x00000000        0x0 c:/program files (x86)/atmel/atmel toolchain/avr8 gcc/native/3.4.2.1002/avr8-gnu-toolchain/bin/../lib/gcc/avr/4.7.2/../../../../avr/lib/avr51\libm.a(modf.o)
 .text.avr-libc.fplib
                0x00000000       0x66 c:/program files (x86)/atmel/atmel toolchain/avr8 gcc/native/3.4.2.1002/avr8-gnu-toolchain/bin/../lib/gcc/avr/4.7.2/../../../../avr/lib/avr51\libm.a(modf.o)
 .text          0x00000000        0x0 c:/program files (x86)/atmel/atmel toolchain/avr8 gcc/native/3.4.2.1002/avr8-gnu-toolchain/bin/../lib/gcc/avr/4.7.2/../../../../avr/lib/avr51\libm.a(mulsf3.o)
 .bss           0x00000000        0x0 c:/program files (x86)/atmel/atmel toolchain/avr8 gcc/native/3.4.2.1002/avr8-gnu-toolchain/bin/../lib/gcc/avr/4.7.2/../../../../avr/lib/avr51\libm.a(mulsf3.o)
 .text.avr-libc.fplib
                0x00000000        0x4 c:/program files (x86)/atmel/atmel toolchain/avr8 gcc/native/3.4.2.1002/avr8-gnu-toolchain/bin/../lib/gcc/avr/4.7.2/../../../../avr/lib/avr51\libm.a(mulsf3.o)
 .text          0x00000000        0x0 c:/program files (x86)/atmel/atmel toolchain/avr8 gcc/native/3.4.2.1002/avr8-gnu-toolchain/bin/../lib/gcc/avr/4.7.2/../../../../avr/lib/avr51\libm.a(mulsf3x.o)
 .bss           0x00000000        0x0 c:/program files (x86)/atmel/atmel toolchain/avr8 gcc/native/3.4.2.1002/avr8-gnu-toolchain/bin/../lib/gcc/avr/4.7.2/../../../../avr/lib/avr51\libm.a(mulsf3x.o)
 .text.avr-libc.fplib
                0x00000000       0xc2 c:/program files (x86)/atmel/atmel toolchain/avr8 gcc/native/3.4.2.1002/avr8-gnu-toolchain/bin/../lib/gcc/avr/4.7.2/../../../../avr/lib/avr51\libm.a(mulsf3x.o)
 .text          0x00000000        0x0 c:/program files (x86)/atmel/atmel toolchain/avr8 gcc/native/3.4.2.1002/avr8-gnu-toolchain/bin/../lib/gcc/avr/4.7.2/../../../../avr/lib/avr51\libm.a(addsf3.o)
 .bss           0x00000000        0x0 c:/program files (x86)/atmel/atmel toolchain/avr8 gcc/native/3.4.2.1002/avr8-gnu-toolchain/bin/../lib/gcc/avr/4.7.2/../../../../avr/lib/avr51\libm.a(addsf3.o)
 .text.avr-libc.fplib
                0x00000000        0xa c:/program files (x86)/atmel/atmel toolchain/avr8 gcc/native/3.4.2.1002/avr8-gnu-toolchain/bin/../lib/gcc/avr/4.7.2/../../../../avr/lib/avr51\libm.a(addsf3.o)
 .text          0x00000000        0x0 c:/program files (x86)/atmel/atmel toolchain/avr8 gcc/native/3.4.2.1002/avr8-gnu-toolchain/bin/../lib/gcc/avr/4.7.2/../../../../avr/lib/avr51\libm.a(addsf3x.o)
 .bss           0x00000000        0x0 c:/program files (x86)/atmel/atmel toolchain/avr8 gcc/native/3.4.2.1002/avr8-gnu-toolchain/bin/../lib/gcc/avr/4.7.2/../../../../avr/lib/avr51\libm.a(addsf3x.o)
 .text.avr-libc.fplib
                0x00000000       0xc0 c:/program files (x86)/atmel/atmel toolchain/avr8 gcc/native/3.4.2.1002/avr8-gnu-toolchain/bin/../lib/gcc/avr/4.7.2/../../../../avr/lib/avr51\libm.a(addsf3x.o)
 .text          0x00000000        0x0 c:/program files (x86)/atmel/atmel toolchain/avr8 gcc/native/3.4.2.1002/avr8-gnu-toolchain/bin/../lib/gcc/avr/4.7.2/../../../../avr/lib/avr51\libm.a(divsf3.o)
 .bss           0x00000000        0x0 c:/program files (x86)/atmel/atmel toolchain/avr8 gcc/native/3.4.2.1002/avr8-gnu-toolchain/bin/../lib/gcc/avr/4.7.2/../../../../avr/lib/avr51\libm.a(divsf3.o)
 .text.avr-libc.fplib
                0x00000000        0x4 c:/program files (x86)/atmel/atmel toolchain/avr8 gcc/native/3.4.2.1002/avr8-gnu-toolchain/bin/../lib/gcc/avr/4.7.2/../../../../avr/lib/avr51\libm.a(divsf3.o)
 .text          0x00000000        0x0 c:/program files (x86)/atmel/atmel toolchain/avr8 gcc/native/3.4.2.1002/avr8-gnu-toolchain/bin/../lib/gcc/avr/4.7.2/../../../../avr/lib/avr51\libm.a(divsf3x.o)
 .bss           0x00000000        0x0 c:/program files (x86)/atmel/atmel toolchain/avr8 gcc/native/3.4.2.1002/avr8-gnu-toolchain/bin/../lib/gcc/avr/4.7.2/../../../../avr/lib/avr51\libm.a(divsf3x.o)
 .text.avr-libc.fplib
                0x00000000       0xcc c:/program files (x86)/atmel/atmel toolchain/avr8 gcc/native/3.4.2.1002/avr8-gnu-toolchain/bin/../lib/gcc/avr/4.7.2/../../../../avr/lib/avr51\libm.a(divsf3x.o)
 .text          0x00000000        0x0 c:/program files (x86)/atmel/atmel toolchain/avr8 gcc/native/3.4.2.1002/avr8-gnu-toolchain/bin/../lib/gcc/avr/4.7.2/../../../../avr/lib/avr51\libm.a(fp_mpack.o)
 .bss           0x00000000        0x0 c:/program files (x86)/atmel/atmel toolchain/avr8 gcc/native/3.4.2.1002/avr8-gnu-toolchain/bin/../lib/gcc/avr/4.7.2/../../../../avr/lib/avr51\libm.a(fp_mpack.o)
 .text.avr-libc.fplib
                0x00000000       0x1c c:/program files (x86)/atmel/atmel toolchain/avr8 gcc/native/3.4.2.1002/avr8-gnu-toolchain/bin/../lib/gcc/avr/4.7.2/../../../../avr/lib/avr51\libm.a(fp_mpack.o)
 .text          0x00000000        0x0 c:/program files (x86)/atmel/atmel toolchain/avr8 gcc/native/3.4.2.1002/avr8-gnu-toolchain/bin/../lib/gcc/avr/4.7.2/../../../../avr/lib/avr51\libm.a(fp_pscA.o)
 .bss           0x00000000        0x0 c:/program files (x86)/atmel/atmel toolchain/avr8 gcc/native/3.4.2.1002/avr8-gnu-toolchain/bin/../lib/gcc/avr/4.7.2/../../../../avr/lib/avr51\libm.a(fp_pscA.o)
 .text.avr-libc.fplib
                0x00000000        0xe c:/program files (x86)/atmel/atmel toolchain/avr8 gcc/native/3.4.2.1002/avr8-gnu-toolchain/bin/../lib/gcc/avr/4.7.2/../../../../avr/lib/avr51\libm.a(fp_pscA.o)
 .text          0x00000000        0x0 c:/program files (x86)/atmel/atmel toolchain/avr8 gcc/native/3.4.2.1002/avr8-gnu-toolchain/bin/../lib/gcc/avr/4.7.2/../../../../avr/lib/avr51\libm.a(fp_pscB.o)
 .bss           0x00000000        0x0 c:/program files (x86)/atmel/atmel toolchain/avr8 gcc/native/3.4.2.1002/avr8-gnu-toolchain/bin/../lib/gcc/avr/4.7.2/../../../../avr/lib/avr51\libm.a(fp_pscB.o)
 .text.avr-libc.fplib
                0x00000000        0xe c:/program files (x86)/atmel/atmel toolchain/avr8 gcc/native/3.4.2.1002/avr8-gnu-toolchain/bin/../lib/gcc/avr/4.7.2/../../../../avr/lib/avr51\libm.a(fp_pscB.o)
 .text          0x00000000        0x0 c:/program files (x86)/atmel/atmel toolchain/avr8 gcc/native/3.4.2.1002/avr8-gnu-toolchain/bin/../lib/gcc/avr/4.7.2/../../../../avr/lib/avr51\libm.a(fp_round.o)
 .bss           0x00000000        0x0 c:/program files (x86)/atmel/atmel toolchain/avr8 gcc/native/3.4.2.1002/avr8-gnu-toolchain/bin/../lib/gcc/avr/4.7.2/../../../../avr/lib/avr51\libm.a(fp_round.o)
 .text.avr-libc.fplib
                0x00000000       0x22 c:/program files (x86)/atmel/atmel toolchain/avr8 gcc/native/3.4.2.1002/avr8-gnu-toolchain/bin/../lib/gcc/avr/4.7.2/../../../../avr/lib/avr51\libm.a(fp_round.o)
 .text          0x00000000        0x0 c:/program files (x86)/atmel/atmel toolchain/avr8 gcc/native/3.4.2.1002/avr8-gnu-toolchain/bin/../lib/gcc/avr/4.7.2/avr51\libgcc.a(_divmodsi4.o)
 .bss           0x00000000        0x0 c:/program files (x86)/atmel/atmel toolchain/avr8 gcc/native/3.4.2.1002/avr8-gnu-toolchain/bin/../lib/gcc/avr/4.7.2/avr51\libgcc.a(_divmodsi4.o)
 .text.libgcc.mul
                0x00000000        0x0 c:/program files (x86)/atmel/atmel toolchain/avr8 gcc/native/3.4.2.1002/avr8-gnu-toolchain/bin/../lib/gcc/avr/4.7.2/avr51\libgcc.a(_divmodsi4.o)
 .text.libgcc.div
                0x00000000       0x38 c:/program files (x86)/atmel/atmel toolchain/avr8 gcc/native/3.4.2.1002/avr8-gnu-toolchain/bin/../lib/gcc/avr/4.7.2/avr51\libgcc.a(_divmodsi4.o)
 .text.libgcc   0x00000000        0x0 c:/program files (x86)/atmel/atmel toolchain/avr8 gcc/native/3.4.2.1002/avr8-gnu-toolchain/bin/../lib/gcc/avr/4.7.2/avr51\libgcc.a(_divmodsi4.o)
 .text.libgcc.prologue
                0x00000000        0x0 c:/program files (x86)/atmel/atmel toolchain/avr8 gcc/native/3.4.2.1002/avr8-gnu-toolchain/bin/../lib/gcc/avr/4.7.2/avr51\libgcc.a(_divmodsi4.o)
 .text.libgcc.builtins
                0x00000000        0x0 c:/program files (x86)/atmel/atmel toolchain/avr8 gcc/native/3.4.2.1002/avr8-gnu-toolchain/bin/../lib/gcc/avr/4.7.2/avr51\libgcc.a(_divmodsi4.o)
 .text.libgcc.fmul
                0x00000000        0x0 c:/program files (x86)/atmel/atmel toolchain/avr8 gcc/native/3.4.2.1002/avr8-gnu-toolchain/bin/../lib/gcc/avr/4.7.2/avr51\libgcc.a(_divmodsi4.o)
 .text          0x00000000        0x0 c:/program files (x86)/atmel/atmel toolchain/avr8 gcc/native/3.4.2.1002/avr8-gnu-toolchain/bin/../lib/gcc/avr/4.7.2/avr51\libgcc.a(_exit.o)
 .bss           0x00000000        0x0 c:/program files (x86)/atmel/atmel toolchain/avr8 gcc/native/3.4.2.1002/avr8-gnu-toolchain/bin/../lib/gcc/avr/4.7.2/avr51\libgcc.a(_exit.o)
 .text.libgcc.mul
                0x00000000        0x0 c:/program files (x86)/atmel/atmel toolchain/avr8 gcc/native/3.4.2.1002/avr8-gnu-toolchain/bin/../lib/gcc/avr/4.7.2/avr51\libgcc.a(_exit.o)
 .text.libgcc.div
                0x00000000        0x0 c:/program files (x86)/atmel/atmel toolchain/avr8 gcc/native/3.4.2.1002/avr8-gnu-toolchain/bin/../lib/gcc/avr/4.7.2/avr51\libgcc.a(_exit.o)
 .text.libgcc   0x00000000        0x0 c:/program files (x86)/atmel/atmel toolchain/avr8 gcc/native/3.4.2.1002/avr8-gnu-toolchain/bin/../lib/gcc/avr/4.7.2/avr51\libgcc.a(_exit.o)
 .text.libgcc.prologue
                0x00000000        0x0 c:/program files (x86)/atmel/atmel toolchain/avr8 gcc/native/3.4.2.1002/avr8-gnu-toolchain/bin/../lib/gcc/avr/4.7.2/avr51\libgcc.a(_exit.o)
 .text.libgcc.builtins
                0x00000000        0x0 c:/program files (x86)/atmel/atmel toolchain/avr8 gcc/native/3.4.2.1002/avr8-gnu-toolchain/bin/../lib/gcc/avr/4.7.2/avr51\libgcc.a(_exit.o)
 .text.libgcc.fmul
                0x00000000        0x0 c:/program files (x86)/atmel/atmel toolchain/avr8 gcc/native/3.4.2.1002/avr8-gnu-toolchain/bin/../lib/gcc/avr/4.7.2/avr51\libgcc.a(_exit.o)
 .text          0x00000000        0x0 c:/program files (x86)/atmel/atmel toolchain/avr8 gcc/native/3.4.2.1002/avr8-gnu-toolchain/bin/../lib/gcc/avr/4.7.2/avr51\libgcc.a(_copy_data.o)
 .bss           0x00000000        0x0 c:/program files (x86)/atmel/atmel toolchain/avr8 gcc/native/3.4.2.1002/avr8-gnu-toolchain/bin/../lib/gcc/avr/4.7.2/avr51\libgcc.a(_copy_data.o)
 .text.libgcc.mul
                0x00000000        0x0 c:/program files (x86)/atmel/atmel toolchain/avr8 gcc/native/3.4.2.1002/avr8-gnu-toolchain/bin/../lib/gcc/avr/4.7.2/avr51\libgcc.a(_copy_data.o)
 .text.libgcc.div
                0x00000000        0x0 c:/program files (x86)/atmel/atmel toolchain/avr8 gcc/native/3.4.2.1002/avr8-gnu-toolchain/bin/../lib/gcc/avr/4.7.2/avr51\libgcc.a(_copy_data.o)
 .text.libgcc   0x00000000        0x0 c:/program files (x86)/atmel/atmel toolchain/avr8 gcc/native/3.4.2.1002/avr8-gnu-toolchain/bin/../lib/gcc/avr/4.7.2/avr51\libgcc.a(_copy_data.o)
 .text.libgcc.prologue
                0x00000000        0x0 c:/program files (x86)/atmel/atmel toolchain/avr8 gcc/native/3.4.2.1002/avr8-gnu-toolchain/bin/../lib/gcc/avr/4.7.2/avr51\libgcc.a(_copy_data.o)
 .text.libgcc.builtins
                0x00000000        0x0 c:/program files (x86)/atmel/atmel toolchain/avr8 gcc/native/3.4.2.1002/avr8-gnu-toolchain/bin/../lib/gcc/avr/4.7.2/avr51\libgcc.a(_copy_data.o)
 .text.libgcc.fmul
                0x00000000        0x0 c:/program files (x86)/atmel/atmel toolchain/avr8 gcc/native/3.4.2.1002/avr8-gnu-toolchain/bin/../lib/gcc/avr/4.7.2/avr51\libgcc.a(_copy_data.o)
 .text          0x00000000        0x0 c:/program files (x86)/atmel/atmel toolchain/avr8 gcc/native/3.4.2.1002/avr8-gnu-toolchain/bin/../lib/gcc/avr/4.7.2/avr51\libgcc.a(_clear_bss.o)
 .bss           0x00000000        0x0 c:/program files (x86)/atmel/atmel toolchain/avr8 gcc/native/3.4.2.1002/avr8-gnu-toolchain/bin/../lib/gcc/avr/4.7.2/avr51\libgcc.a(_clear_bss.o)
 .text.libgcc.mul
                0x00000000        0x0 c:/program files (x86)/atmel/atmel toolchain/avr8 gcc/native/3.4.2.1002/avr8-gnu-toolchain/bin/../lib/gcc/avr/4.7.2/avr51\libgcc.a(_clear_bss.o)
 .text.libgcc.div
                0x00000000        0x0 c:/program files (x86)/atmel/atmel toolchain/avr8 gcc/native/3.4.2.1002/avr8-gnu-toolchain/bin/../lib/gcc/avr/4.7.2/avr51\libgcc.a(_clear_bss.o)
 .text.libgcc   0x00000000        0x0 c:/program files (x86)/atmel/atmel toolchain/avr8 gcc/native/3.4.2.1002/avr8-gnu-toolchain/bin/../lib/gcc/avr/4.7.2/avr51\libgcc.a(_clear_bss.o)
 .text.libgcc.prologue
                0x00000000        0x0 c:/program files (x86)/atmel/atmel toolchain/avr8 gcc/native/3.4.2.1002/avr8-gnu-toolchain/bin/../lib/gcc/avr/4.7.2/avr51\libgcc.a(_clear_bss.o)
 .text.libgcc.builtins
                0x00000000        0x0 c:/program files (x86)/atmel/atmel toolchain/avr8 gcc/native/3.4.2.1002/avr8-gnu-toolchain/bin/../lib/gcc/avr/4.7.2/avr51\libgcc.a(_clear_bss.o)
 .text.libgcc.fmul
                0x00000000        0x0 c:/program files (x86)/atmel/atmel toolchain/avr8 gcc/native/3.4.2.1002/avr8-gnu-toolchain/bin/../lib/gcc/avr/4.7.2/avr51\libgcc.a(_clear_bss.o)
 .text          0x00000000        0x0 c:/program files (x86)/atmel/atmel toolchain/avr8 gcc/native/3.4.2.1002/avr8-gnu-toolchain/bin/../lib/gcc/avr/4.7.2/avr51\libgcc.a(_umulhisi3.o)
 .bss           0x00000000        0x0 c:/program files (x86)/atmel/atmel toolchain/avr8 gcc/native/3.4.2.1002/avr8-gnu-toolchain/bin/../lib/gcc/avr/4.7.2/avr51\libgcc.a(_umulhisi3.o)
 .text.libgcc.mul
                0x00000000       0x18 c:/program files (x86)/atmel/atmel toolchain/avr8 gcc/native/3.4.2.1002/avr8-gnu-toolchain/bin/../lib/gcc/avr/4.7.2/avr51\libgcc.a(_umulhisi3.o)
 .text.libgcc.div
                0x00000000        0x0 c:/program files (x86)/atmel/atmel toolchain/avr8 gcc/native/3.4.2.1002/avr8-gnu-toolchain/bin/../lib/gcc/avr/4.7.2/avr51\libgcc.a(_umulhisi3.o)
 .text.libgcc   0x00000000        0x0 c:/program files (x86)/atmel/atmel toolchain/avr8 gcc/native/3.4.2.1002/avr8-gnu-toolchain/bin/../lib/gcc/avr/4.7.2/avr51\libgcc.a(_umulhisi3.o)
 .text.libgcc.prologue
                0x00000000        0x0 c:/program files (x86)/atmel/atmel toolchain/avr8 gcc/native/3.4.2.1002/avr8-gnu-toolchain/bin/../lib/gcc/avr/4.7.2/avr51\libgcc.a(_umulhisi3.o)
 .text.libgcc.builtins
                0x00000000        0x0 c:/program files (x86)/atmel/atmel toolchain/avr8 gcc/native/3.4.2.1002/avr8-gnu-toolchain/bin/../lib/gcc/avr/4.7.2/avr51\libgcc.a(_umulhisi3.o)
 .text.libgcc.fmul
                0x00000000        0x0 c:/program files (x86)/atmel/atmel toolchain/avr8 gcc/native/3.4.2.1002/avr8-gnu-toolchain/bin/../lib/gcc/avr/4.7.2/avr51\libgcc.a(_umulhisi3.o)
 .text          0x00000000        0x0 c:/program files (x86)/atmel/atmel toolchain/avr8 gcc/native/3.4.2.1002/avr8-gnu-toolchain/bin/../lib/gcc/avr/4.7.2/avr51\libgcc.a(_udivmodsi4.o)
 .bss           0x00000000        0x0 c:/program files (x86)/atmel/atmel toolchain/avr8 gcc/native/3.4.2.1002/avr8-gnu-toolchain/bin/../lib/gcc/avr/4.7.2/avr51\libgcc.a(_udivmodsi4.o)
 .text.libgcc.mul
                0x00000000        0x0 c:/program files (x86)/atmel/atmel toolchain/avr8 gcc/native/3.4.2.1002/avr8-gnu-toolchain/bin/../lib/gcc/avr/4.7.2/avr51\libgcc.a(_udivmodsi4.o)
 .text.libgcc.div
                0x00000000       0x44 c:/program files (x86)/atmel/atmel toolchain/avr8 gcc/native/3.4.2.1002/avr8-gnu-toolchain/bin/../lib/gcc/avr/4.7.2/avr51\libgcc.a(_udivmodsi4.o)
 .text.libgcc   0x00000000        0x0 c:/program files (x86)/atmel/atmel toolchain/avr8 gcc/native/3.4.2.1002/avr8-gnu-toolchain/bin/../lib/gcc/avr/4.7.2/avr51\libgcc.a(_udivmodsi4.o)
 .text.libgcc.prologue
                0x00000000        0x0 c:/program files (x86)/atmel/atmel toolchain/avr8 gcc/native/3.4.2.1002/avr8-gnu-toolchain/bin/../lib/gcc/avr/4.7.2/avr51\libgcc.a(_udivmodsi4.o)
 .text.libgcc.builtins
                0x00000000        0x0 c:/program files (x86)/atmel/atmel toolchain/avr8 gcc/native/3.4.2.1002/avr8-gnu-toolchain/bin/../lib/gcc/avr/4.7.2/avr51\libgcc.a(_udivmodsi4.o)
 .text.libgcc.fmul
                0x00000000        0x0 c:/program files (x86)/atmel/atmel toolchain/avr8 gcc/native/3.4.2.1002/avr8-gnu-toolchain/bin/../lib/gcc/avr/4.7.2/avr51\libgcc.a(_udivmodsi4.o)

Memory Configuration

Name             Origin             Length             Attributes
text             0x00000000         0x00020000         xr
data             0x00800100         0x0000ff00         rw !x
eeprom           0x00810000         0x00010000         rw !x
fuse             0x00820000         0x00000400         rw !x
lock             0x00830000         0x00000400         rw !x
signature        0x00840000         0x00000400         rw !x
user_signatures  0x00850000         0x00000400         rw !x
*default*        0x00000000         0xffffffff

Linker script and memory map

Address of section .data set to 0x800100
LOAD c:/program files (x86)/atmel/atmel toolchain/avr8 gcc/native/3.4.2.1002/avr8-gnu-toolchain/bin/../lib/gcc/avr/4.7.2/../../../../avr/lib/avr51/crtm128.o
LOAD LCD and Seven Segment PWM.o
LOAD lcd.o
LOAD Segment.o
START GROUP
LOAD c:/program files (x86)/atmel/atmel toolchain/avr8 gcc/native/3.4.2.1002/avr8-gnu-toolchain/bin/../lib/gcc/avr/4.7.2/../../../../avr/lib/avr51\libm.a
END GROUP
LOAD c:/program files (x86)/atmel/atmel toolchain/avr8 gcc/native/3.4.2.1002/avr8-gnu-toolchain/bin/../lib/gcc/avr/4.7.2/avr51\libgcc.a
LOAD c:/program files (x86)/atmel/atmel toolchain/avr8 gcc/native/3.4.2.1002/avr8-gnu-toolchain/bin/../lib/gcc/avr/4.7.2/../../../../avr/lib/avr51\libc.a
LOAD c:/program files (x86)/atmel/atmel toolchain/avr8 gcc/native/3.4.2.1002/avr8-gnu-toolchain/bin/../lib/gcc/avr/4.7.2/avr51\libgcc.a

.hash
 *(.hash)

.dynsym
 *(.dynsym)

.dynstr
 *(.dynstr)

.gnu.version
 *(.gnu.version)

.gnu.version_d
 *(.gnu.version_d)

.gnu.version_r
 *(.gnu.version_r)

.rel.init
 *(.rel.init)

.rela.init
 *(.rela.init)

.rel.text
 *(.rel.text)
 *(.rel.text.*)
 *(.rel.gnu.linkonce.t*)

.rela.text
 *(.rela.text)
 *(.rela.text.*)
 *(.rela.gnu.linkonce.t*)

.rel.fini
 *(.rel.fini)

.rela.fini
 *(.rela.fini)

.rel.rodata
 *(.rel.rodata)
 *(.rel.rodata.*)
 *(.rel.gnu.linkonce.r*)

.rela.rodata
 *(.rela.rodata)
 *(.rela.rodata.*)
 *(.rela.gnu.linkonce.r*)

.rel.data
 *(.rel.data)
 *(.rel.data.*)
 *(.rel.gnu.linkonce.d*)

.rela.data
 *(.rela.data)
 *(.rela.data.*)
 *(.rela.gnu.linkonce.d*)

.rel.ctors
 *(.rel.ctors)

.rela.ctors
 *(.rela.ctors)

.rel.dtors
 *(.rel.dtors)

.rela.dtors
 *(.rela.dtors)

.rel.got
 *(.rel.got)

.rela.got
 *(.rela.got)

.rel.bss
 *(.rel.bss)

.rela.bss
 *(.rela.bss)

.rel.plt
 *(.rel.plt)

.rela.plt
 *(.rela.plt)

.text           0x00000000      0x4ba
 *(.vectors)
 .vectors       0x00000000       0x8c c:/program files (x86)/atmel/atmel toolchain/avr8 gcc/native/3.4.2.1002/avr8-gnu-toolchain/bin/../lib/gcc/avr/4.7.2/../../../../avr/lib/avr51/crtm128.o
                0x00000000                __vector_default
                0x00000000                __vectors
 *(.vectors)
 *(.progmem.gcc*)
 *(.progmem*)
                0x0000008c                . = ALIGN (0x2)
                0x0000008c                __trampolines_start = .
 *(.trampolines)
 .trampolines   0x0000008c        0x0 linker stubs
 *(.trampolines*)
                0x0000008c                __trampolines_end = .
 *(.jumptables)
 *(.jumptables*)
 *(.lowtext)
 *(.lowtext*)
                0x0000008c                __ctors_start = .
 *(.ctors)
                0x0000008c                __ctors_end = .
                0x0000008c                __dtors_start = .
 *(.dtors)
                0x0000008c                __dtors_end = .
 SORT(*)(.ctors)
 SORT(*)(.dtors)
 *(.init0)
 .init0         0x0000008c        0x0 c:/program files (x86)/atmel/atmel toolchain/avr8 gcc/native/3.4.2.1002/avr8-gnu-toolchain/bin/../lib/gcc/avr/4.7.2/../../../../avr/lib/avr51/crtm128.o
                0x0000008c                __init
 *(.init0)
 *(.init1)
 *(.init1)
 *(.init2)
 .init2         0x0000008c        0xc c:/program files (x86)/atmel/atmel toolchain/avr8 gcc/native/3.4.2.1002/avr8-gnu-toolchain/bin/../lib/gcc/avr/4.7.2/../../../../avr/lib/avr51/crtm128.o
 *(.init2)
 *(.init3)
 *(.init3)
 *(.init4)
 .init4         0x00000098       0x1a c:/program files (x86)/atmel/atmel toolchain/avr8 gcc/native/3.4.2.1002/avr8-gnu-toolchain/bin/../lib/gcc/avr/4.7.2/avr51\libgcc.a(_copy_data.o)
                0x00000098                __do_copy_data
 .init4         0x000000b2       0x10 c:/program files (x86)/atmel/atmel toolchain/avr8 gcc/native/3.4.2.1002/avr8-gnu-toolchain/bin/../lib/gcc/avr/4.7.2/avr51\libgcc.a(_clear_bss.o)
                0x000000b2                __do_clear_bss
 *(.init4)
 *(.init5)
 *(.init5)
 *(.init6)
 *(.init6)
 *(.init7)
 *(.init7)
 *(.init8)
 *(.init8)
 *(.init9)
 .init9         0x000000c2        0x4 c:/program files (x86)/atmel/atmel toolchain/avr8 gcc/native/3.4.2.1002/avr8-gnu-toolchain/bin/../lib/gcc/avr/4.7.2/../../../../avr/lib/avr51/crtm128.o
 *(.init9)
 *(.text)
 .text          0x000000c6        0x2 c:/program files (x86)/atmel/atmel toolchain/avr8 gcc/native/3.4.2.1002/avr8-gnu-toolchain/bin/../lib/gcc/avr/4.7.2/../../../../avr/lib/avr51/crtm128.o
                0x000000c6                __vector_22
                0x000000c6                __vector_28
                0x000000c6                __vector_1
                0x000000c6                __vector_32
                0x000000c6                __vector_34
                0x000000c6                __vector_24
                0x000000c6                __vector_12
                0x000000c6                __bad_interrupt
                0x000000c6                __vector_6
                0x000000c6                __vector_31
                0x000000c6                __vector_3
                0x000000c6                __vector_23
                0x000000c6                __vector_30
                0x000000c6                __vector_25
                0x000000c6                __vector_11
                0x000000c6                __vector_13
                0x000000c6                __vector_17
                0x000000c6                __vector_19
                0x000000c6                __vector_7
                0x000000c6                __vector_27
                0x000000c6                __vector_5
                0x000000c6                __vector_33
                0x000000c6                __vector_4
                0x000000c6                __vector_9
                0x000000c6                __vector_2
                0x000000c6                __vector_21
                0x000000c6                __vector_15
                0x000000c6                __vector_29
                0x000000c6                __vector_8
                0x000000c6                __vector_26
                0x000000c6                __vector_14
                0x000000c6                __vector_10
                0x000000c6                __vector_16
                0x000000c6                __vector_18
                0x000000c6                __vector_20
                0x000000c8                . = ALIGN (0x2)
 *(.text.*)
 .text.main     0x000000c8      0x1f0 LCD and Seven Segment PWM.o
                0x000000c8                main
 .text.LCD_DispChar
                0x000002b8       0x66 lcd.o
                0x000002b8                LCD_DispChar
 .text.LCD_SendCmd
                0x0000031e       0x66 lcd.o
                0x0000031e                LCD_SendCmd
 .text.LCD_Init
                0x00000384       0x42 lcd.o
                0x00000384                LCD_Init
 .text.LCD_GotoXY
                0x000003c6       0x12 lcd.o
                0x000003c6                LCD_GotoXY
 .text.LCD_DispCharXY
                0x000003d8        0xe lcd.o
                0x000003d8                LCD_DispCharXY
 .text.LCD_DispString
                0x000003e6       0x28 lcd.o
                0x000003e6                LCD_DispString
 .text.LCD_DispStringXY
                0x0000040e       0x12 lcd.o
                0x0000040e                LCD_DispStringXY
 .text.Segment_Init
                0x00000420       0x20 Segment.o
                0x00000420                Segment_Init
 .text.Segment_DisplayDigit
                0x00000440       0x76 Segment.o
                0x00000440                Segment_DisplayDigit
                0x000004b6                . = ALIGN (0x2)
 *(.fini9)
 .fini9         0x000004b6        0x0 c:/program files (x86)/atmel/atmel toolchain/avr8 gcc/native/3.4.2.1002/avr8-gnu-toolchain/bin/../lib/gcc/avr/4.7.2/avr51\libgcc.a(_exit.o)
                0x000004b6                _exit
                0x000004b6                exit
 *(.fini9)
 *(.fini8)
 *(.fini8)
 *(.fini7)
 *(.fini7)
 *(.fini6)
 *(.fini6)
 *(.fini5)
 *(.fini5)
 *(.fini4)
 *(.fini4)
 *(.fini3)
 *(.fini3)
 *(.fini2)
 *(.fini2)
 *(.fini1)
 *(.fini1)
 *(.fini0)
 .fini0         0x000004b6        0x4 c:/program files (x86)/atmel/atmel toolchain/avr8 gcc/native/3.4.2.1002/avr8-gnu-toolchain/bin/../lib/gcc/avr/4.7.2/avr51\libgcc.a(_exit.o)
 *(.fini0)
                0x000004ba                _etext = .

.data           0x00800100       0x1a load address 0x000004ba
                0x00800100                PROVIDE (__data_start, .)
 *(.data)
 .data          0x00800100        0x0 c:/program files (x86)/atmel/atmel toolchain/avr8 gcc/native/3.4.2.1002/avr8-gnu-toolchain/bin/../lib/gcc/avr/4.7.2/../../../../avr/lib/avr51/crtm128.o
 .data          0x00800100        0x0 LCD and Seven Segment PWM.o
 .data          0x00800100        0x0 lcd.o
 .data          0x00800100        0x0 Segment.o
 .data          0x00800100        0x0 c:/program files (x86)/atmel/atmel toolchain/avr8 gcc/native/3.4.2.1002/avr8-gnu-toolchain/bin/../lib/gcc/avr/4.7.2/../../../../avr/lib/avr51\libm.a(fixsfsi.o)
 .data          0x00800100        0x0 c:/program files (x86)/atmel/atmel toolchain/avr8 gcc/native/3.4.2.1002/avr8-gnu-toolchain/bin/../lib/gcc/avr/4.7.2/../../../../avr/lib/avr51\libm.a(fixunssfsi.o)
 .data          0x00800100        0x0 c:/program files (x86)/atmel/atmel toolchain/avr8 gcc/native/3.4.2.1002/avr8-gnu-toolchain/bin/../lib/gcc/avr/4.7.2/../../../../avr/lib/avr51\libm.a(floatsisf.o)
 .data          0x00800100        0x0 c:/program files (x86)/atmel/atmel toolchain/avr8 gcc/native/3.4.2.1002/avr8-gnu-toolchain/bin/../lib/gcc/avr/4.7.2/../../../../avr/lib/avr51\libm.a(fp_split3.o)
 .data          0x00800100        0x0 c:/program files (x86)/atmel/atmel toolchain/avr8 gcc/native/3.4.2.1002/avr8-gnu-toolchain/bin/../lib/gcc/avr/4.7.2/../../../../avr/lib/avr51\libm.a(fp_zero.o)
 .data          0x00800100        0x0 c:/program files (x86)/atmel/atmel toolchain/avr8 gcc/native/3.4.2.1002/avr8-gnu-toolchain/bin/../lib/gcc/avr/4.7.2/../../../../avr/lib/avr51\libm.a(pow.o)
 .data          0x00800100        0x0 c:/program files (x86)/atmel/atmel toolchain/avr8 gcc/native/3.4.2.1002/avr8-gnu-toolchain/bin/../lib/gcc/avr/4.7.2/../../../../avr/lib/avr51\libm.a(exp.o)
 .data          0x00800100        0x0 c:/program files (x86)/atmel/atmel toolchain/avr8 gcc/native/3.4.2.1002/avr8-gnu-toolchain/bin/../lib/gcc/avr/4.7.2/../../../../avr/lib/avr51\libm.a(fp_inf.o)
 .data          0x00800100        0x0 c:/program files (x86)/atmel/atmel toolchain/avr8 gcc/native/3.4.2.1002/avr8-gnu-toolchain/bin/../lib/gcc/avr/4.7.2/../../../../avr/lib/avr51\libm.a(fp_nan.o)
 .data          0x00800100        0x0 c:/program files (x86)/atmel/atmel toolchain/avr8 gcc/native/3.4.2.1002/avr8-gnu-toolchain/bin/../lib/gcc/avr/4.7.2/../../../../avr/lib/avr51\libm.a(fp_powser.o)
 .data          0x00800100        0x0 c:/program files (x86)/atmel/atmel toolchain/avr8 gcc/native/3.4.2.1002/avr8-gnu-toolchain/bin/../lib/gcc/avr/4.7.2/../../../../avr/lib/avr51\libm.a(inverse.o)
 .data          0x00800100        0x0 c:/program files (x86)/atmel/atmel toolchain/avr8 gcc/native/3.4.2.1002/avr8-gnu-toolchain/bin/../lib/gcc/avr/4.7.2/../../../../avr/lib/avr51\libm.a(ldexp.o)
 .data          0x00800100        0x0 c:/program files (x86)/atmel/atmel toolchain/avr8 gcc/native/3.4.2.1002/avr8-gnu-toolchain/bin/../lib/gcc/avr/4.7.2/../../../../avr/lib/avr51\libm.a(log.o)
 .data          0x00800100        0x0 c:/program files (x86)/atmel/atmel toolchain/avr8 gcc/native/3.4.2.1002/avr8-gnu-toolchain/bin/../lib/gcc/avr/4.7.2/../../../../avr/lib/avr51\libm.a(modf.o)
 .data          0x00800100        0x0 c:/program files (x86)/atmel/atmel toolchain/avr8 gcc/native/3.4.2.1002/avr8-gnu-toolchain/bin/../lib/gcc/avr/4.7.2/../../../../avr/lib/avr51\libm.a(mulsf3.o)
 .data          0x00800100        0x0 c:/program files (x86)/atmel/atmel toolchain/avr8 gcc/native/3.4.2.1002/avr8-gnu-toolchain/bin/../lib/gcc/avr/4.7.2/../../../../avr/lib/avr51\libm.a(mulsf3x.o)
 .data          0x00800100        0x0 c:/program files (x86)/atmel/atmel toolchain/avr8 gcc/native/3.4.2.1002/avr8-gnu-toolchain/bin/../lib/gcc/avr/4.7.2/../../../../avr/lib/avr51\libm.a(addsf3.o)
 .data          0x00800100        0x0 c:/program files (x86)/atmel/atmel toolchain/avr8 gcc/native/3.4.2.1002/avr8-gnu-toolchain/bin/../lib/gcc/avr/4.7.2/../../../../avr/lib/avr51\libm.a(addsf3x.o)
 .data          0x00800100        0x0 c:/program files (x86)/atmel/atmel toolchain/avr8 gcc/native/3.4.2.1002/avr8-gnu-toolchain/bin/../lib/gcc/avr/4.7.2/../../../../avr/lib/avr51\libm.a(divsf3.o)
 .data          0x00800100        0x0 c:/program files (x86)/atmel/atmel toolchain/avr8 gcc/native/3.4.2.1002/avr8-gnu-toolchain/bin/../lib/gcc/avr/4.7.2/../../../../avr/lib/avr51\libm.a(divsf3x.o)
 .data          0x00800100        0x0 c:/program files (x86)/atmel/atmel toolchain/avr8 gcc/native/3.4.2.1002/avr8-gnu-toolchain/bin/../lib/gcc/avr/4.7.2/../../../../avr/lib/avr51\libm.a(fp_mpack.o)
 .data          0x00800100        0x0 c:/program files (x86)/atmel/atmel toolchain/avr8 gcc/native/3.4.2.1002/avr8-gnu-toolchain/bin/../lib/gcc/avr/4.7.2/../../../../avr/lib/avr51\libm.a(fp_pscA.o)
 .data          0x00800100        0x0 c:/program files (x86)/atmel/atmel toolchain/avr8 gcc/native/3.4.2.1002/avr8-gnu-toolchain/bin/../lib/gcc/avr/4.7.2/../../../../avr/lib/avr51\libm.a(fp_pscB.o)
 .data          0x00800100        0x0 c:/program files (x86)/atmel/atmel toolchain/avr8 gcc/native/3.4.2.1002/avr8-gnu-toolchain/bin/../lib/gcc/avr/4.7.2/../../../../avr/lib/avr51\libm.a(fp_round.o)
 .data          0x00800100        0x0 c:/program files (x86)/atmel/atmel toolchain/avr8 gcc/native/3.4.2.1002/avr8-gnu-toolchain/bin/../lib/gcc/avr/4.7.2/avr51\libgcc.a(_divmodsi4.o)
 .data          0x00800100        0x0 c:/program files (x86)/atmel/atmel toolchain/avr8 gcc/native/3.4.2.1002/avr8-gnu-toolchain/bin/../lib/gcc/avr/4.7.2/avr51\libgcc.a(_exit.o)
 .data          0x00800100        0x0 c:/program files (x86)/atmel/atmel toolchain/avr8 gcc/native/3.4.2.1002/avr8-gnu-toolchain/bin/../lib/gcc/avr/4.7.2/avr51\libgcc.a(_copy_data.o)
 .data          0x00800100        0x0 c:/program files (x86)/atmel/atmel toolchain/avr8 gcc/native/3.4.2.1002/avr8-gnu-toolchain/bin/../lib/gcc/avr/4.7.2/avr51\libgcc.a(_clear_bss.o)
 .data          0x00800100        0x0 c:/program files (x86)/atmel/atmel toolchain/avr8 gcc/native/3.4.2.1002/avr8-gnu-toolchain/bin/../lib/gcc/avr/4.7.2/avr51\libgcc.a(_umulhisi3.o)
 .data          0x00800100        0x0 c:/program files (x86)/atmel/atmel toolchain/avr8 gcc/native/3.4.2.1002/avr8-gnu-toolchain/bin/../lib/gcc/avr/4.7.2/avr51\libgcc.a(_udivmodsi4.o)
 *(.data*)
 *(.rodata)
 .rodata        0x00800100        0xb Segment.o
 *(.rodata*)
 .rodata.str1.1
                0x0080010b        0xe LCD and Seven Segment PWM.o
 *(.gnu.linkonce.d*)
                0x0080011a                . = ALIGN (0x2)
 *fill*         0x00800119        0x1 
                0x0080011a                _edata = .
                0x0080011a                PROVIDE (__data_end, .)

.bss            0x0080011a        0x0
                0x0080011a                PROVIDE (__bss_start, .)
 *(.bss)
 *(.bss*)
 *(COMMON)
                0x0080011a                PROVIDE (__bss_end, .)
                0x000004ba                __data_load_start = LOADADDR (.data)
                0x000004d4                __data_load_end = (__data_load_start + SIZEOF (.data))

.noinit         0x0080011a        0x0
                0x0080011a                PROVIDE (__noinit_start, .)
 *(.noinit*)
                0x0080011a                PROVIDE (__noinit_end, .)
                0x0080011a                _end = .
                0x0080011a                PROVIDE (__heap_start, .)

.eeprom         0x00810000        0x0
 *(.eeprom*)
                0x00810000                __eeprom_end = .

.fuse
 *(.fuse)
 *(.lfuse)
 *(.hfuse)
 *(.efuse)

.lock
 *(.lock*)

.signature
 *(.signature*)

.user_signatures
 *(.user_signatures*)

.stab           0x00000000     0x33e4
 *(.stab)
 .stab          0x00000000      0x6cc c:/program files (x86)/atmel/atmel toolchain/avr8 gcc/native/3.4.2.1002/avr8-gnu-toolchain/bin/../lib/gcc/avr/4.7.2/../../../../avr/lib/avr51/crtm128.o
 .stab          0x000006cc       0x6c c:/program files (x86)/atmel/atmel toolchain/avr8 gcc/native/3.4.2.1002/avr8-gnu-toolchain/bin/../lib/gcc/avr/4.7.2/../../../../avr/lib/avr51\libm.a(fixsfsi.o)
                                 0x78 (size before relaxing)
 .stab          0x00000738      0x240 c:/program files (x86)/atmel/atmel toolchain/avr8 gcc/native/3.4.2.1002/avr8-gnu-toolchain/bin/../lib/gcc/avr/4.7.2/../../../../avr/lib/avr51\libm.a(fixunssfsi.o)
                                0x24c (size before relaxing)
 .stab          0x00000978      0x318 c:/program files (x86)/atmel/atmel toolchain/avr8 gcc/native/3.4.2.1002/avr8-gnu-toolchain/bin/../lib/gcc/avr/4.7.2/../../../../avr/lib/avr51\libm.a(floatsisf.o)
                                0x324 (size before relaxing)
 .stab          0x00000c90      0x1d4 c:/program files (x86)/atmel/atmel toolchain/avr8 gcc/native/3.4.2.1002/avr8-gnu-toolchain/bin/../lib/gcc/avr/4.7.2/../../../../avr/lib/avr51\libm.a(fp_split3.o)
                                0x1e0 (size before relaxing)
 .stab          0x00000e64       0x90 c:/program files (x86)/atmel/atmel toolchain/avr8 gcc/native/3.4.2.1002/avr8-gnu-toolchain/bin/../lib/gcc/avr/4.7.2/../../../../avr/lib/avr51\libm.a(fp_zero.o)
                                 0x9c (size before relaxing)
 .stab          0x00000ef4      0x3c0 c:/program files (x86)/atmel/atmel toolchain/avr8 gcc/native/3.4.2.1002/avr8-gnu-toolchain/bin/../lib/gcc/avr/4.7.2/../../../../avr/lib/avr51\libm.a(pow.o)
                                0x3cc (size before relaxing)
 .stab          0x000012b4      0x288 c:/program files (x86)/atmel/atmel toolchain/avr8 gcc/native/3.4.2.1002/avr8-gnu-toolchain/bin/../lib/gcc/avr/4.7.2/../../../../avr/lib/avr51\libm.a(exp.o)
                                0x294 (size before relaxing)
 .stab          0x0000153c       0x78 c:/program files (x86)/atmel/atmel toolchain/avr8 gcc/native/3.4.2.1002/avr8-gnu-toolchain/bin/../lib/gcc/avr/4.7.2/../../../../avr/lib/avr51\libm.a(fp_inf.o)
                                 0x84 (size before relaxing)
 .stab          0x000015b4       0x54 c:/program files (x86)/atmel/atmel toolchain/avr8 gcc/native/3.4.2.1002/avr8-gnu-toolchain/bin/../lib/gcc/avr/4.7.2/../../../../avr/lib/avr51\libm.a(fp_nan.o)
                                 0x60 (size before relaxing)
 .stab          0x00001608      0x1ec c:/program files (x86)/atmel/atmel toolchain/avr8 gcc/native/3.4.2.1002/avr8-gnu-toolchain/bin/../lib/gcc/avr/4.7.2/../../../../avr/lib/avr51\libm.a(fp_powser.o)
                                0x1f8 (size before relaxing)
 .stab          0x000017f4       0x84 c:/program files (x86)/atmel/atmel toolchain/avr8 gcc/native/3.4.2.1002/avr8-gnu-toolchain/bin/../lib/gcc/avr/4.7.2/../../../../avr/lib/avr51\libm.a(inverse.o)
                                 0x90 (size before relaxing)
 .stab          0x00001878      0x2c4 c:/program files (x86)/atmel/atmel toolchain/avr8 gcc/native/3.4.2.1002/avr8-gnu-toolchain/bin/../lib/gcc/avr/4.7.2/../../../../avr/lib/avr51\libm.a(ldexp.o)
                                0x2d0 (size before relaxing)
 .stab          0x00001b3c      0x378 c:/program files (x86)/atmel/atmel toolchain/avr8 gcc/native/3.4.2.1002/avr8-gnu-toolchain/bin/../lib/gcc/avr/4.7.2/../../../../avr/lib/avr51\libm.a(log.o)
                                0x384 (size before relaxing)
 .stab          0x00001eb4      0x2a0 c:/program files (x86)/atmel/atmel toolchain/avr8 gcc/native/3.4.2.1002/avr8-gnu-toolchain/bin/../lib/gcc/avr/4.7.2/../../../../avr/lib/avr51\libm.a(modf.o)
                                0x2ac (size before relaxing)
 .stab          0x00002154       0x48 c:/program files (x86)/atmel/atmel toolchain/avr8 gcc/native/3.4.2.1002/avr8-gnu-toolchain/bin/../lib/gcc/avr/4.7.2/../../../../avr/lib/avr51\libm.a(mulsf3.o)
                                 0x54 (size before relaxing)
 .stab          0x0000219c      0x4d4 c:/program files (x86)/atmel/atmel toolchain/avr8 gcc/native/3.4.2.1002/avr8-gnu-toolchain/bin/../lib/gcc/avr/4.7.2/../../../../avr/lib/avr51\libm.a(mulsf3x.o)
                                0x4e0 (size before relaxing)
 .stab          0x00002670       0x78 c:/program files (x86)/atmel/atmel toolchain/avr8 gcc/native/3.4.2.1002/avr8-gnu-toolchain/bin/../lib/gcc/avr/4.7.2/../../../../avr/lib/avr51\libm.a(addsf3.o)
                                 0x84 (size before relaxing)
 .stab          0x000026e8      0x4bc c:/program files (x86)/atmel/atmel toolchain/avr8 gcc/native/3.4.2.1002/avr8-gnu-toolchain/bin/../lib/gcc/avr/4.7.2/../../../../avr/lib/avr51\libm.a(addsf3x.o)
                                0x4c8 (size before relaxing)
 .stab          0x00002ba4       0x48 c:/program files (x86)/atmel/atmel toolchain/avr8 gcc/native/3.4.2.1002/avr8-gnu-toolchain/bin/../lib/gcc/avr/4.7.2/../../../../avr/lib/avr51\libm.a(divsf3.o)
                                 0x54 (size before relaxing)
 .stab          0x00002bec      0x510 c:/program files (x86)/atmel/atmel toolchain/avr8 gcc/native/3.4.2.1002/avr8-gnu-toolchain/bin/../lib/gcc/avr/4.7.2/../../../../avr/lib/avr51\libm.a(divsf3x.o)
                                0x51c (size before relaxing)
 .stab          0x000030fc       0xe4 c:/program files (x86)/atmel/atmel toolchain/avr8 gcc/native/3.4.2.1002/avr8-gnu-toolchain/bin/../lib/gcc/avr/4.7.2/../../../../avr/lib/avr51\libm.a(fp_mpack.o)
                                 0xf0 (size before relaxing)
 .stab          0x000031e0       0x84 c:/program files (x86)/atmel/atmel toolchain/avr8 gcc/native/3.4.2.1002/avr8-gnu-toolchain/bin/../lib/gcc/avr/4.7.2/../../../../avr/lib/avr51\libm.a(fp_pscA.o)
                                 0x90 (size before relaxing)
 .stab          0x00003264       0x84 c:/program files (x86)/atmel/atmel toolchain/avr8 gcc/native/3.4.2.1002/avr8-gnu-toolchain/bin/../lib/gcc/avr/4.7.2/../../../../avr/lib/avr51\libm.a(fp_pscB.o)
                                 0x90 (size before relaxing)
 .stab          0x000032e8       0xfc c:/program files (x86)/atmel/atmel toolchain/avr8 gcc/native/3.4.2.1002/avr8-gnu-toolchain/bin/../lib/gcc/avr/4.7.2/../../../../avr/lib/avr51\libm.a(fp_round.o)
                                0x108 (size before relaxing)

.stabstr        0x00000000      0xb6c
 *(.stabstr)
 .stabstr       0x00000000      0xb6c c:/program files (x86)/atmel/atmel toolchain/avr8 gcc/native/3.4.2.1002/avr8-gnu-toolchain/bin/../lib/gcc/avr/4.7.2/../../../../avr/lib/avr51/crtm128.o

.stab.excl
 *(.stab.excl)

.stab.exclstr
 *(.stab.exclstr)

.stab.index
 *(.stab.index)

.stab.indexstr
 *(.stab.indexstr)

.comment        0x00000000       0x2f
 *(.comment)
 .comment       0x00000000       0x2f LCD and Seven Segment PWM.o
                                 0x30 (size before relaxing)
 .comment       0x00000000       0x30 lcd.o
 .comment       0x00000000       0x30 Segment.o

.debug
 *(.debug)

.line
 *(.line)

.debug_srcinfo
 *(.debug_srcinfo)

.debug_sfnames
 *(.debug_sfnames)

.debug_aranges  0x00000000       0xc0
 *(.debug_aranges)
 .debug_aranges
                0x00000000       0x20 LCD and Seven Segment PWM.o
 .debug_aranges
                0x00000020       0x78 lcd.o
 .debug_aranges
                0x00000098       0x28 Segment.o

.debug_pubnames
 *(.debug_pubnames)

.debug_info     0x00000000      0xa6d
 *(.debug_info)
 .debug_info    0x00000000      0x298 LCD and Seven Segment PWM.o
 .debug_info    0x00000298      0x653 lcd.o
 .debug_info    0x000008eb      0x182 Segment.o
 *(.gnu.linkonce.wi.*)

.debug_abbrev   0x00000000      0x3c1
 *(.debug_abbrev)
 .debug_abbrev  0x00000000       0xf5 LCD and Seven Segment PWM.o
 .debug_abbrev  0x000000f5      0x1a5 lcd.o
 .debug_abbrev  0x0000029a      0x127 Segment.o

.debug_line     0x00000000      0x9fc
 *(.debug_line)
 .debug_line    0x00000000      0x2a2 LCD and Seven Segment PWM.o
 .debug_line    0x000002a2      0x582 lcd.o
 .debug_line    0x00000824      0x1d8 Segment.o

.debug_frame    0x00000000      0x1ec
 *(.debug_frame)
 .debug_frame   0x00000000       0x24 LCD and Seven Segment PWM.o
 .debug_frame   0x00000024      0x184 lcd.o
 .debug_frame   0x000001a8       0x44 Segment.o

.debug_str      0x00000000      0x223
 *(.debug_str)
 .debug_str     0x00000000       0xe1 LCD and Seven Segment PWM.o
                                0x11a (size before relaxing)
 .debug_str     0x000000e1      0x10e lcd.o
                                0x1db (size before relaxing)
 .debug_str     0x000001ef       0x34 Segment.o
                                0x150 (size before relaxing)

.debug_loc      0x00000000      0x77a
 *(.debug_loc)
 .debug_loc     0x00000000       0xb4 LCD and Seven Segment PWM.o
 .debug_loc     0x000000b4      0x65e lcd.o
 .debug_loc     0x00000712       0x68 Segment.o

.debug_macinfo
 *(.debug_macinfo)

.debug_pubtypes
 *(.debug_pubtypes)

.debug_ranges   0x00000000       0xc0
 *(.debug_ranges)
 .debug_ranges  0x00000000       0x40 LCD and Seven Segment PWM.o
 .debug_ranges  0x00000040       0x68 lcd.o
 .debug_ranges  0x000000a8       0x18 Segment.o

.debug_macro
 *(.debug_macro)
OUTPUT(LCD and Seven Segment PWM.elf elf32-avr)
LOAD linker stubs
